Park trees
1
The centaur again, but now you are in a park !
4 3 19 70
2 2 18 4 4
1 0 0 0 null
ЭЭЭЭЭЭЭЭЭЭЭЭЭЭЭЭЭЭЭЭЭЭЭЭЭЭЭЭЭЭЭЭЭЭЭЭЭЭЭЭЭЭЭЭЭЭЭЭЭЭЭЭЭЭЭЭЭЭЭЭЭЭЭЭЭЭЭЭЭЭЭ
ББББББББББББББББББББББББББББББББББББББББББББББББББББББББББББББББББББББ
ББББББББББББББББББББББББББББББББББББББББББББББББББББББББББББББББББББББ
ББББББББББББББББББББББББББББББББББББББББББББББББББББББББББББББББББББББ
ББББББББББББББББББББББББББББББББББББББББББББББББББББББББББББББББББББББ
ББББББББББББББББББББББББББББББББББББББББББББББББББББББББББББББББББББББ
ББББББББББББББББББББББББББББББББББББББББББББББББББББББББББББББББББББББ
ББББББББББББББББББББББББББББББББББББББББББББББББББББББББББББББББББББББ
ББББББББББББББББББББББББББББББББББББББББББББББББББББББББББББББББББББББ
ББББББББББББББББББББББББББББББББББББББББББББББББББББББББББББББББББББББ
ББББББББББББББББББББББББББББББББББББББББББББББББББББББББББББББББББББББ
ББББББББББББББББББББББББББББББББББББББББББББББББББББББББББББББББББББББ
ББББББББББББББББББББББББББББББББББББББББББББББББББББББББББББББББББББББ
ББББББББББББББББББББББББББББББББББББББББББББББББББББББББББББББББББББББ
ББББББББББББББББББББББББББББББББББББББББББББББББББББББББББББББББББББББ
ББББББББББББББББББББББББББББББББББББББББББББББББББББББББББББББББББББББ
ББББББББББББББББББББББББББББББББББББББББББББББББББББББББББББББББББББББ
ББББББББББББББББББББББББББББББББББББББББББББББББББББББББББББББББББББББ
ББББББББББББББББББББББББББББББББББББББББББББББББББББББББББББББББББББББ
ББББББББББББББББББББББББББББББББББББББББББББББББББББББББББББББББББББББ